// Jest Snapshot v1, https://goo.gl/fbAQLP

exports[`Mounted Category should render to a snapshot 1`] = `
<div>
  <div>
    <page-header-stub
      contextmenuitems=""
      customjson="[object Object]"
      showbackbutton="true"
      title="Create Category"
    >
      <div
        class="page-slot"
      >
        <div
          class="left-space-txb"
        >
          <!---->
        </div>
         
        <div
          class="button-box"
        >
          <label
            class="active-dept"
          >
            <span>
              Active
            </span>
             
            <nitrozen-toggle-btn-stub
              title="Disable Category"
              value="true"
            />
          </label>
           
          <span>
            <nitrozen-button-stub
              class="left-space-txb n-flat-button n-flat-button-secondary"
              href=""
              size="small"
              theme="secondary"
              type="button"
            >
              Save
            </nitrozen-button-stub>
          </span>
        </div>
      </div>
    </page-header-stub>
  </div>
   
  <!---->
   
  <div
    class="main-container"
  >
    <div
      class="row-1"
    >
      <div
        class="input-box"
      >
        <nitrozen-input-stub
          hint=""
          id="nitrozen-input7ozzbrv8v"
          label="Category Name*"
          max="0"
          min="0"
          placeholder=""
          tooltiptext=""
          type="text"
          value=""
        />
         
        <!---->
      </div>
       
      <div
        class="input-box left-space-txb"
      >
        <div>
          <nitrozen-dropdown-stub
            class="input w-l"
            id="nitrozen-dropdown-grputqp2k"
            items="[object Object],[object Object],[object Object]"
            label="Level"
            required="true"
            tooltip=""
            value=""
          />
           
          <!---->
        </div>
      </div>
    </div>
     
    <div
      class="row-2"
    >
      <div
        class="dept"
      >
        <div
          class="dept-input"
        >
          <nitrozen-dropdown-stub
            class="input w-l"
            id="nitrozen-dropdown-r48dwzcuf"
            items=""
            label="Departments"
            multiple="true"
            required="true"
            searchable="true"
            tooltip=""
            value=""
          />
           
          <!---->
        </div>
         
        <div
          class="chip-wrapper inline"
        />
      </div>
       
      <div
        class="dept"
      >
        <nitrozen-input-stub
          hint=""
          id="nitrozen-inputtinrvbka"
          label="Priority*"
          max="0"
          min="0"
          placeholder=""
          tooltiptext=""
          type="number"
          value=""
        />
         
        <!---->
      </div>
    </div>
     
    <div
      class="row-3"
    >
      <div
        class="n-input-label"
      >
        Add Synonyms
      </div>
       
      <div
        class="input-text tags"
      >
         
        <input
          class="chip-input cl-Mako light-xs"
          type="text"
        />
      </div>
    </div>
     
    <div
      class="logo-container"
    >
      <div
        class="row"
      >
        <div
          class="n-input-label"
        >
          Logo*
        </div>
         
        <image-uploader-tile-stub
          aspectratio="1:1"
          filename=""
          filetypes="png,jpeg"
          label="Logo"
          maxsize="2048"
          namespace="category-square-logo"
          showgallery="true"
          text="Upload"
          value=""
        />
         
        <!---->
      </div>
       
      <div
        class="row"
      >
        <div
          class="n-input-label"
        >
          Portrait*
        </div>
         
        <image-uploader-tile-stub
          aspectratio="13:20"
          filename=""
          filetypes="png,jpeg"
          label="Portrait Image"
          maxsize="2048"
          namespace="category-portrait-banner"
          showgallery="true"
          text="Upload"
          value=""
        />
         
        <!---->
      </div>
       
      <div>
        <div
          class="n-input-label"
        >
          Landscape*
        </div>
         
        <image-uploader-tile-stub
          aspectratio="27:20"
          filename=""
          filetypes="png,jpeg"
          label="Landscape Image"
          maxsize="2048"
          namespace="category-landscape-banner"
          showgallery="true"
          text="Upload"
          value=""
        />
         
        <!---->
      </div>
    </div>
     
    <!---->
  </div>
</div>
`;
